# serializer version: 1
# name: test_committee_endpoint_over_an_api_seeded_register
  dict({
    'cro': dict({
      'assets_by_criticality': list([
        dict({
          'band': 'Nízká',
          'count': 0,
        }),
        dict({
          'band': 'Střední',
          'count': 0,
        }),
        dict({
          'band': 'Vysoká',
          'count': 0,
        }),
        dict({
          'band': 'Kritická',
          'count': 1,
        }),
      ]),
      'heatmap': dict({
        'rows': list([
          dict({
            'cells': list([
              0,
              0,
              0,
              0,
              1,
            ]),
            'probability': 5,
          }),
          dict({
            'cells': list([
              0,
              0,
              0,
              0,
              0,
            ]),
            'probability': 4,
          }),
          dict({
            'cells': list([
              0,
              0,
              0,
              0,
              0,
            ]),
            'probability': 3,
          }),
          dict({
            'cells': list([
              0,
              1,
              0,
              0,
              0,
            ]),
            'probability': 2,
          }),
          dict({
            'cells': list([
              0,
              0,
              0,
              0,
              0,
            ]),
            'probability': 1,
          }),
        ]),
      }),
      'kpi': dict({
        'accepted_above_tolerance_count': 1,
        'cif_without_bcm_count': 1,
        'material_risk_count': 0,
        'material_risk_count_production_inert': True,
        'material_risk_count_production_inert_reason': 'The app Risk register tracks no materiality flag; the loader maps it empty, so this KPI cannot count on production data.',
        'open_dq_finding_count': 22,
        'risk_count': 2,
        'risks_above_tolerance_count': 1,
      }),
      'migration_matrix': dict({
        'rows': list([
          dict({
            'cells': list([
              1,
              0,
              0,
              0,
            ]),
            'gross_band': 'Nízké',
          }),
          dict({
            'cells': list([
              0,
              0,
              0,
              0,
            ]),
            'gross_band': 'Střední',
          }),
          dict({
            'cells': list([
              0,
              0,
              1,
              0,
            ]),
            'gross_band': 'Vysoké',
          }),
          dict({
            'cells': list([
              0,
              0,
              0,
              0,
            ]),
            'gross_band': 'Kritické',
          }),
        ]),
      }),
      'narratives': dict({
        'accepted_above_tolerance_count': 1,
        'cif_process_count': 1,
        'cif_with_bcm_count': 0,
        'critical_vendor_count': 1,
        'critical_vendors_with_functional_exit_count': 0,
        'critical_vendors_with_identifier_count': 0,
        'process_count': 1,
        'risks_above_tolerance_count': 1,
        'sub_outsourcing_link_count': 0,
        'tolerance': 15,
        'vendors_in_sub_role_count': 0,
      }),
      'risks_by_band': list([
        dict({
          'band': 'Nízké',
          'gross_count': 1,
          'net_count': 1,
        }),
        dict({
          'band': 'Střední',
          'gross_count': 0,
          'net_count': 0,
        }),
        dict({
          'band': 'Vysoké',
          'gross_count': 1,
          'net_count': 1,
        }),
        dict({
          'band': 'Kritické',
          'gross_count': 0,
          'net_count': 0,
        }),
      ]),
      'top_risks': list([
        dict({
          'code': 'SPRÁ-R01',
          'gross_score': 25,
          'net_band': 'Vysoké',
          'net_score': 25,
          'rank': 1,
          'risk_id': 1,
          'status_label': None,
          'subject_label': 'Správa pojistných smluv',
          'threat_label': 'Ransomware',
          'vs_tolerance': 'NAD TOLERANCI',
        }),
        dict({
          'code': 'SPRÁ-R02',
          'gross_score': 4,
          'net_band': 'Nízké',
          'net_score': 2,
          'rank': 2,
          'risk_id': 2,
          'status_label': None,
          'subject_label': 'Veris',
          'threat_label': None,
          'vs_tolerance': 'V toleranci',
        }),
      ]),
      'top_vendors': list([
        dict({
          'cif_process_count': 1,
          'name': 'BIZ DATA',
          'rank': 1,
          'tier': 'Kritický dodavatel',
          'vendor_id': 1,
        }),
      ]),
    }),
    'dashboard': dict({
      'key_metrics': dict({
        'cif_process_count': 1,
        'critical_asset_count': 1,
        'critical_vendor_count': 1,
        'open_dq_finding_count': 22,
        'processes_without_impact_assessment_count': 0,
        'risks_above_tolerance_count': 1,
      }),
      'register_state': dict({
        'asset_count': 1,
        'assets_pending_review_count': 0,
        'assets_without_data_classification_count': 1,
        'contracts_in_roi_scope_count': 0,
        'direct_process_vendor_link_count': 0,
        'process_asset_link_count': 1,
        'process_count': 1,
        'sub_outsourcing_link_count': 0,
        'top_tier_vendors_without_orderly_exit_count': 1,
        'vendor_count': 1,
      }),
    }),
    'roi_readiness': dict({
      'overall_readiness_pct': 46.5,
      'templates': list([
        dict({
          'code': 'B_01.01',
          'coverage': 'documentary',
          'feed': 'entity',
          'gap_row_count': 0,
          'gap_rows': list([
          ]),
          'gate': 'documentary',
          'name_cs': 'Entita vedoucí registr',
          'name_en': 'Entity maintaining the register',
          'populated_field_count': 0,
          'readiness_pct': None,
          'required_field_count': 0,
          'row_count': 0,
        }),
        dict({
          'code': 'B_01.02',
          'coverage': 'documentary',
          'feed': 'entity',
          'gap_row_count': 0,
          'gap_rows': list([
          ]),
          'gate': 'documentary',
          'name_cs': 'Finanční subjekty',
          'name_en': 'List of entities within the scope of consolidation',
          'populated_field_count': 0,
          'readiness_pct': None,
          'required_field_count': 0,
          'row_count': 0,
        }),
        dict({
          'code': 'B_01.03',
          'coverage': 'documentary',
          'feed': 'entity',
          'gap_row_count': 0,
          'gap_rows': list([
          ]),
          'gate': 'documentary',
          'name_cs': 'Pobočky',
          'name_en': 'List of branches',
          'populated_field_count': 0,
          'readiness_pct': None,
          'required_field_count': 0,
          'row_count': 0,
        }),
        dict({
          'code': 'B_02.01',
          'coverage': 'partial',
          'feed': 'contracts',
          'gap_row_count': 0,
          'gap_rows': list([
          ]),
          'gate': 'roi_scope',
          'name_cs': 'Smluvní ujednání',
          'name_en': 'Contractual arrangements — general information',
          'populated_field_count': 0,
          'readiness_pct': None,
          'required_field_count': 0,
          'row_count': 0,
        }),
        dict({
          'code': 'B_02.02',
          'coverage': 'partial',
          'feed': 'asset_vendor_links',
          'gap_row_count': 1,
          'gap_rows': list([
            dict({
              'entity_id': 1,
              'entity_type': 'asset_vendor_link',
              'label': 'Veris ↔ BIZ DATA (S02)',
              'missing': list([
                dict({
                  'code': None,
                  'key': 'contractual_arrangement_reference',
                }),
                dict({
                  'code': None,
                  'key': 'provider_identification_code',
                }),
                dict({
                  'code': None,
                  'key': 'provider_identification_type',
                }),
                dict({
                  'code': None,
                  'key': 'start_date',
                }),
                dict({
                  'code': None,
                  'key': 'provisioning_country',
                }),
                dict({
                  'code': None,
                  'key': 'data_storage',
                }),
                dict({
                  'code': None,
                  'key': 'data_location',
                }),
                dict({
                  'code': None,
                  'key': 'data_sensitiveness',
                }),
                dict({
                  'code': 'B_02.02.0180',
                  'key': 'reliance_level',
                }),
              ]),
              'route_entity_id': 1,
              'route_entity_type': 'asset',
            }),
          ]),
          'gate': 'unconditional',
          'name_cs': 'Smluvní ujednání (služba)',
          'name_en': 'Contractual arrangements — specific information',
          'populated_field_count': 4,
          'readiness_pct': 30.8,
          'required_field_count': 13,
          'row_count': 1,
        }),
        dict({
          'code': 'B_02.03',
          'coverage': 'documentary',
          'feed': 'none',
          'gap_row_count': 0,
          'gap_rows': list([
          ]),
          'gate': 'documentary',
          'name_cs': 'Skupinové ujednání',
          'name_en': 'List of intra-group contractual arrangements',
          'populated_field_count': 0,
          'readiness_pct': None,
          'required_field_count': 0,
          'row_count': 0,
        }),
        dict({
          'code': 'B_03.01',
          'coverage': 'full',
          'feed': 'contracts',
          'gap_row_count': 0,
          'gap_rows': list([
          ]),
          'gate': 'roi_scope',
          'name_cs': 'Podepisující subjekt',
          'name_en': 'Entities signing the arrangement, for receiving ICT services',
          'populated_field_count': 0,
          'readiness_pct': None,
          'required_field_count': 0,
          'row_count': 0,
        }),
        dict({
          'code': 'B_03.02',
          'coverage': 'full',
          'feed': 'contracts',
          'gap_row_count': 0,
          'gap_rows': list([
          ]),
          'gate': 'roi_scope',
          'name_cs': 'Podepisující poskytovatel',
          'name_en': 'ICT third-party service providers signing the arrangement',
          'populated_field_count': 0,
          'readiness_pct': None,
          'required_field_count': 0,
          'row_count': 0,
        }),
        dict({
          'code': 'B_03.03',
          'coverage': 'documentary',
          'feed': 'none',
          'gap_row_count': 0,
          'gap_rows': list([
          ]),
          'gate': 'documentary',
          'name_cs': 'Skupinové poskytování',
          'name_en': 'Entities signing the arrangement, for providing ICT services (intra-group)',
          'populated_field_count': 0,
          'readiness_pct': None,
          'required_field_count': 0,
          'row_count': 0,
        }),
        dict({
          'code': 'B_04.01',
          'coverage': 'full',
          'feed': 'contracts',
          'gap_row_count': 0,
          'gap_rows': list([
          ]),
          'gate': 'roi_scope',
          'name_cs': 'Subjekty využívající službu',
          'name_en': 'Entities making use of the ICT services',
          'populated_field_count': 0,
          'readiness_pct': None,
          'required_field_count': 0,
          'row_count': 0,
        }),
        dict({
          'code': 'B_05.01',
          'coverage': 'partial',
          'feed': 'vendors',
          'gap_row_count': 1,
          'gap_rows': list([
            dict({
              'entity_id': 1,
              'entity_type': 'vendor',
              'label': 'BIZ DATA',
              'missing': list([
                dict({
                  'code': None,
                  'key': 'provider_identification_code',
                }),
                dict({
                  'code': 'B_05.01.0020',
                  'key': 'provider_identification_type',
                }),
                dict({
                  'code': None,
                  'key': 'latin_name',
                }),
                dict({
                  'code': 'B_05.01.0070',
                  'key': 'person_type',
                }),
                dict({
                  'code': None,
                  'key': 'headquarters_country',
                }),
              ]),
              'route_entity_id': 1,
              'route_entity_type': 'vendor',
            }),
          ]),
          'gate': 'presence',
          'name_cs': 'Poskytovatelé',
          'name_en': 'ICT third-party service providers',
          'populated_field_count': 1,
          'readiness_pct': 16.7,
          'required_field_count': 6,
          'row_count': 1,
        }),
        dict({
          'code': 'B_05.02',
          'coverage': 'partial',
          'feed': 'supply_chain',
          'gap_row_count': 1,
          'gap_rows': list([
            dict({
              'entity_id': 1,
              'entity_type': 'asset_vendor_link',
              'label': 'Veris ↔ BIZ DATA (S02)',
              'missing': list([
                dict({
                  'code': None,
                  'key': 'contractual_arrangement_reference',
                }),
                dict({
                  'code': None,
                  'key': 'provider_identification_code',
                }),
              ]),
              'route_entity_id': 1,
              'route_entity_type': 'asset',
            }),
          ]),
          'gate': 'unconditional',
          'name_cs': 'Dodavatelský řetězec',
          'name_en': 'ICT service supply chains',
          'populated_field_count': 4,
          'readiness_pct': 66.7,
          'required_field_count': 6,
          'row_count': 1,
        }),
        dict({
          'code': 'B_06.01',
          'coverage': 'full',
          'feed': 'processes',
          'gap_row_count': 1,
          'gap_rows': list([
            dict({
              'entity_id': 1,
              'entity_type': 'process',
              'label': 'F1 — Správa pojistných smluv',
              'missing': list([
                dict({
                  'code': 'B_06.01.0020',
                  'key': 'licensed_activity',
                }),
              ]),
              'route_entity_id': 1,
              'route_entity_type': 'process',
            }),
          ]),
          'gate': 'presence',
          'name_cs': 'Určení funkcí',
          'name_en': 'Functions identification',
          'populated_field_count': 8,
          'readiness_pct': 88.9,
          'required_field_count': 9,
          'row_count': 1,
        }),
        dict({
          'code': 'B_07.01',
          'coverage': 'partial',
          'feed': 'asset_vendor_links',
          'gap_row_count': 1,
          'gap_rows': list([
            dict({
              'entity_id': 1,
              'entity_type': 'asset_vendor_link',
              'label': 'Veris ↔ BIZ DATA (S02)',
              'missing': list([
                dict({
                  'code': None,
                  'key': 'contractual_arrangement_reference',
                }),
                dict({
                  'code': None,
                  'key': 'substitutability',
                }),
                dict({
                  'code': None,
                  'key': 'substitutability_reason',
                }),
                dict({
                  'code': None,
                  'key': 'reintegration',
                }),
                dict({
                  'code': None,
                  'key': 'discontinuation_impact',
                }),
                dict({
                  'code': 'B_07.01.0110',
                  'key': 'alternative_providers',
                }),
              ]),
              'route_entity_id': 1,
              'route_entity_type': 'asset',
            }),
          ]),
          'gate': 'unconditional',
          'name_cs': 'Posouzení služeb IKT',
          'name_en': 'Assessment of ICT services supporting critical or important functions',
          'populated_field_count': 3,
          'readiness_pct': 33.3,
          'required_field_count': 9,
          'row_count': 1,
        }),
        dict({
          'code': 'B_99.01',
          'coverage': 'documentary',
          'feed': 'entity',
          'gap_row_count': 0,
          'gap_rows': list([
          ]),
          'gate': 'documentary',
          'name_cs': 'Definice používané subjektem',
          'name_en': 'Definitions used by the entity',
          'populated_field_count': 0,
          'readiness_pct': None,
          'required_field_count': 0,
          'row_count': 0,
        }),
      ]),
      'total_gap_row_count': 5,
    }),
  })
# ---
